C:\projects\ProjetoPadrao2022\Logical\Global.typ
C:\projects\ProjetoPadrao2022\Logical\Global.var
C:\projects\ProjetoPadrao2022\Logical\Libraries\Operator\operator.fun
C:\projects\ProjetoPadrao2022\Logical\Libraries\Operator\operator.typ
C:\projects\ProjetoPadrao2022\Logical\Libraries\Operator\operator.var
C:\projects\ProjetoPadrao2022\Logical\Libraries\Runtime\runtime.fun
C:\projects\ProjetoPadrao2022\Logical\Libraries\Runtime\runtime.typ
C:\projects\ProjetoPadrao2022\Logical\Libraries\Runtime\runtime.var
C:\projects\ProjetoPadrao2022\Logical\Libraries\AsTime\astime.fun
C:\projects\ProjetoPadrao2022\Logical\Libraries\AsTime\astime.typ
C:\projects\ProjetoPadrao2022\Logical\Libraries\AsTime\astime.var
C:\projects\ProjetoPadrao2022\Logical\Libraries\AsIecCon\AsIecCon.fun
C:\projects\ProjetoPadrao2022\Logical\Libraries\AsIecCon\AsIecCon.typ
C:\projects\ProjetoPadrao2022\Logical\Libraries\AsIecCon\AsIecCon.var
C:\projects\ProjetoPadrao2022\Logical\Libraries\LoopConR\LoopConR.var
C:\projects\ProjetoPadrao2022\Logical\Libraries\LoopConR\LoopConR.typ
C:\projects\ProjetoPadrao2022\Logical\Libraries\LoopConR\LoopConR.fun
C:\projects\ProjetoPadrao2022\Logical\Libraries\sys_lib\sys_lib.fun
C:\projects\ProjetoPadrao2022\Logical\Libraries\sys_lib\sys_lib.typ
C:\projects\ProjetoPadrao2022\Logical\Libraries\sys_lib\sys_lib.var
C:\projects\ProjetoPadrao2022\Logical\Libraries\brsystem\brsystem.fun
C:\projects\ProjetoPadrao2022\Logical\Libraries\brsystem\brsystem.typ
C:\projects\ProjetoPadrao2022\Logical\Libraries\brsystem\brsystem.var
C:\projects\ProjetoPadrao2022\Logical\Libraries\standard\standard.fun
C:\projects\ProjetoPadrao2022\Logical\Libraries\standard\standard.typ
C:\projects\ProjetoPadrao2022\Logical\Libraries\standard\standard.var
C:\projects\ProjetoPadrao2022\Logical\Libraries\MTSystem\MTSystem.fun
C:\projects\ProjetoPadrao2022\Logical\Libraries\MTSystem\MTSystem.typ
C:\projects\ProjetoPadrao2022\Logical\Libraries\MTSystem\MTSystem.var
C:\projects\ProjetoPadrao2022\Logical\Libraries\MTTypes\MTTypes.fun
C:\projects\ProjetoPadrao2022\Logical\Libraries\MTTypes\MTTypes.typ
C:\projects\ProjetoPadrao2022\Logical\Libraries\MTTypes\MTTypes.var
C:\projects\ProjetoPadrao2022\Logical\Libraries\MTBasics\MTBasics.fun
C:\projects\ProjetoPadrao2022\Logical\Libraries\MTBasics\MTBasics.typ
C:\projects\ProjetoPadrao2022\Logical\Libraries\MTBasics\MTBasics.var
